2025-05-02 16:23:04 INFO  c.b.a.AddressBookApplicationTests - Starting AddressBookApplicationTests using Java 23.0.2 with PID 3552 (started by sreya in C:\Users\sreya\IdeaProjects\AddressBook)
2025-05-02 16:23:04 DEBUG c.b.a.AddressBookApplicationTests - Running with Spring Boot v3.4.5, Spring v6.2.6
2025-05-02 16:23:04 INFO  c.b.a.AddressBookApplicationTests - The following 1 profile is active: "dev"
2025-05-02 16:23:05 INFO  o.s.d.r.c.RepositoryConfigurationDelegate - Bootstrapping Spring Data JPA repositories in DEFAULT mode.
2025-05-02 16:23:05 INFO  o.s.d.r.c.RepositoryConfigurationDelegate - Finished Spring Data repository scanning in 58 ms. Found 1 JPA repository interface.
2025-05-02 16:23:05 INFO  o.h.jpa.internal.util.LogHelper - HHH000204: Processing PersistenceUnitInfo [name: default]
2025-05-02 16:23:06 INFO  org.hibernate.Version - HHH000412: Hibernate ORM core version 6.6.13.Final
2025-05-02 16:23:06 INFO  o.h.c.i.RegionFactoryInitiator - HHH000026: Second-level cache disabled
2025-05-02 16:23:06 INFO  o.s.o.j.p.SpringPersistenceUnitInfo - No LoadTimeWeaver setup: ignoring JPA class transformer
2025-05-02 16:23:06 INFO  com.zaxxer.hikari.HikariDataSource - HikariPool-1 - Starting...
2025-05-02 16:23:07 INFO  com.zaxxer.hikari.pool.HikariPool - HikariPool-1 - Added connection com.mysql.cj.jdbc.ConnectionImpl@769b0752
2025-05-02 16:23:07 INFO  com.zaxxer.hikari.HikariDataSource - HikariPool-1 - Start completed.
2025-05-02 16:23:07 WARN  org.hibernate.orm.deprecation - HHH90000025: MySQLDialect does not need to be specified explicitly using 'hibernate.dialect' (remove the property setting and it will be selected by default)
2025-05-02 16:23:07 INFO  o.hibernate.orm.connections.pooling - HHH10001005: Database info:
	Database JDBC URL [Connecting through datasource 'HikariDataSource (HikariPool-1)']
	Database driver: undefined/unknown
	Database version: 8.0.41
	Autocommit mode: undefined/unknown
	Isolation level: undefined/unknown
	Minimum pool size: undefined/unknown
	Maximum pool size: undefined/unknown
2025-05-02 16:23:08 INFO  o.h.e.t.j.p.i.JtaPlatformInitiator - HHH000489: No JTA platform available (set 'hibernate.transaction.jta.platform' to enable JTA platform integration)
2025-05-02 16:23:08 INFO  o.s.o.j.LocalContainerEntityManagerFactoryBean - Initialized JPA EntityManagerFactory for persistence unit 'default'
2025-05-02 16:23:09 WARN  o.s.b.a.o.j.JpaBaseConfiguration$JpaWebConfiguration - spring.jpa.open-in-view is enabled by default. Therefore, database queries may be performed during view rendering. Explicitly configure spring.jpa.open-in-view to disable this warning
2025-05-02 16:23:09 INFO  c.b.a.AddressBookApplicationTests - Started AddressBookApplicationTests in 6.177 seconds (process running for 7.938)
2025-05-02 16:23:10 INFO  o.s.o.j.LocalContainerEntityManagerFactoryBean - Closing JPA EntityManagerFactory for persistence unit 'default'
2025-05-02 16:23:10 INFO  com.zaxxer.hikari.HikariDataSource - HikariPool-1 - Shutdown initiated...
2025-05-02 16:23:10 INFO  com.zaxxer.hikari.HikariDataSource - HikariPool-1 - Shutdown completed.
2025-05-02 16:23:26 INFO  c.b.a.AddressBookApplication - Starting AddressBookApplication using Java 23.0.2 with PID 3688 (C:\Users\sreya\IdeaProjects\AddressBook\target\classes started by sreya in C:\Users\sreya\IdeaProjects\AddressBook)
2025-05-02 16:23:26 DEBUG c.b.a.AddressBookApplication - Running with Spring Boot v3.4.5, Spring v6.2.6
2025-05-02 16:23:26 INFO  c.b.a.AddressBookApplication - The following 1 profile is active: "dev"
2025-05-02 16:23:26 INFO  o.s.b.d.e.DevToolsPropertyDefaultsPostProcessor - Devtools property defaults active! Set 'spring.devtools.add-properties' to 'false' to disable
2025-05-02 16:23:26 INFO  o.s.b.d.e.DevToolsPropertyDefaultsPostProcessor - For additional web related logging consider setting the 'logging.level.web' property to 'DEBUG'
2025-05-02 16:23:27 INFO  o.s.d.r.c.RepositoryConfigurationDelegate - Bootstrapping Spring Data JPA repositories in DEFAULT mode.
2025-05-02 16:23:27 INFO  o.s.d.r.c.RepositoryConfigurationDelegate - Finished Spring Data repository scanning in 49 ms. Found 1 JPA repository interface.
2025-05-02 16:23:27 INFO  o.s.b.w.e.tomcat.TomcatWebServer - Tomcat initialized with port 8080 (http)
2025-05-02 16:23:27 INFO  o.a.catalina.core.StandardService - Starting service [Tomcat]
2025-05-02 16:23:27 INFO  o.a.catalina.core.StandardEngine - Starting Servlet engine: [Apache Tomcat/10.1.40]
2025-05-02 16:23:27 INFO  o.a.c.c.C.[Tomcat].[localhost].[/] - Initializing Spring embedded WebApplicationContext
2025-05-02 16:23:27 INFO  o.s.b.w.s.c.ServletWebServerApplicationContext - Root WebApplicationContext: initialization completed in 1261 ms
2025-05-02 16:23:27 INFO  o.h.jpa.internal.util.LogHelper - HHH000204: Processing PersistenceUnitInfo [name: default]
2025-05-02 16:23:27 INFO  org.hibernate.Version - HHH000412: Hibernate ORM core version 6.6.13.Final
2025-05-02 16:23:27 INFO  o.h.c.i.RegionFactoryInitiator - HHH000026: Second-level cache disabled
2025-05-02 16:23:28 INFO  o.s.o.j.p.SpringPersistenceUnitInfo - No LoadTimeWeaver setup: ignoring JPA class transformer
2025-05-02 16:23:28 INFO  com.zaxxer.hikari.HikariDataSource - HikariPool-1 - Starting...
2025-05-02 16:23:28 INFO  com.zaxxer.hikari.pool.HikariPool - HikariPool-1 - Added connection com.mysql.cj.jdbc.ConnectionImpl@9359b6b
2025-05-02 16:23:28 INFO  com.zaxxer.hikari.HikariDataSource - HikariPool-1 - Start completed.
2025-05-02 16:23:28 WARN  org.hibernate.orm.deprecation - HHH90000025: MySQLDialect does not need to be specified explicitly using 'hibernate.dialect' (remove the property setting and it will be selected by default)
2025-05-02 16:23:28 INFO  o.hibernate.orm.connections.pooling - HHH10001005: Database info:
	Database JDBC URL [Connecting through datasource 'HikariDataSource (HikariPool-1)']
	Database driver: undefined/unknown
	Database version: 8.0.41
	Autocommit mode: undefined/unknown
	Isolation level: undefined/unknown
	Minimum pool size: undefined/unknown
	Maximum pool size: undefined/unknown
2025-05-02 16:23:29 INFO  o.h.e.t.j.p.i.JtaPlatformInitiator - HHH000489: No JTA platform available (set 'hibernate.transaction.jta.platform' to enable JTA platform integration)
2025-05-02 16:23:29 INFO  o.s.o.j.LocalContainerEntityManagerFactoryBean - Initialized JPA EntityManagerFactory for persistence unit 'default'
2025-05-02 16:23:29 WARN  o.s.b.a.o.j.JpaBaseConfiguration$JpaWebConfiguration - spring.jpa.open-in-view is enabled by default. Therefore, database queries may be performed during view rendering. Explicitly configure spring.jpa.open-in-view to disable this warning
2025-05-02 16:23:29 INFO  o.s.b.a.h.H2ConsoleAutoConfiguration - H2 console available at '/h2-console'. Database available at 'jdbc:mysql://localhost:3306/addressbook_db'
2025-05-02 16:23:29 INFO  o.s.b.d.a.OptionalLiveReloadServer - LiveReload server is running on port 35729
2025-05-02 16:23:29 INFO  o.s.b.w.e.tomcat.TomcatWebServer - Tomcat started on port 8080 (http) with context path '/'
2025-05-02 16:23:29 INFO  c.b.a.AddressBookApplication - Started AddressBookApplication in 4.147 seconds (process running for 4.558)
2025-05-02 16:23:54 INFO  o.a.c.c.C.[Tomcat].[localhost].[/] - Initializing Spring DispatcherServlet 'dispatcherServlet'
2025-05-02 16:23:54 INFO  o.s.web.servlet.DispatcherServlet - Initializing Servlet 'dispatcherServlet'
2025-05-02 16:23:54 INFO  o.s.web.servlet.DispatcherServlet - Completed initialization in 1 ms
2025-05-02 16:23:55 INFO  c.b.addressbook.AddressController - POST request to create address: AddressDTO(id=null, name=jack, street=123 Lane, city=TestCity)
2025-05-02 16:23:55 INFO  c.b.addressbook.AddressService - Creating address: AddressDTO(id=null, name=jack, street=123 Lane, city=TestCity)
2025-05-02 16:23:55 DEBUG c.b.addressbook.AddressService - Saved address: Address(id=1, name=jack, street=123 Lane, city=TestCity)
2025-05-02 16:24:23 INFO  c.b.addressbook.AddressController - POST request to create address: AddressDTO(id=null, name=john, street=test line, city=newyork)
2025-05-02 16:24:23 INFO  c.b.addressbook.AddressService - Creating address: AddressDTO(id=null, name=john, street=test line, city=newyork)
2025-05-02 16:24:23 DEBUG c.b.addressbook.AddressService - Saved address: Address(id=2, name=john, street=test line, city=newyork)
2025-05-02 16:24:56 INFO  c.b.addressbook.AddressController - GET request for all addresses
2025-05-02 16:24:56 INFO  c.b.addressbook.AddressService - Fetching all addresses
2025-05-02 16:25:04 INFO  c.b.addressbook.AddressController - GET request for address id: 1
2025-05-02 16:25:04 INFO  c.b.addressbook.AddressService - Fetching address with id: 1
2025-05-02 16:25:04 DEBUG c.b.addressbook.AddressService - Found address: Address(id=1, name=jack, street=123 Lane, city=TestCity)
2025-05-02 16:25:35 ERROR c.b.a.GlobalExceptionHandler - Validation error: Validation failed for argument [0] in public org.springframework.http.ResponseEntity<com.bridgelabz.addressbook.AddressDTO> com.bridgelabz.addressbook.AddressController.createAddress(com.bridgelabz.addressbook.AddressDTO) with 2 errors: [Field error in object 'addressDTO' on field 'street': rejected value [test]; codes [Size.addressDTO.street,Size.street,Size.java.lang.String,Size]; arguments [org.springframework.context.support.DefaultMessageSourceResolvable: codes [addressDTO.street,street]; arguments []; default message [street],100,5]; default message [Street must be between 5 and 100 characters]] [Field error in object 'addressDTO' on field 'name': rejected value [null]; codes [NotNull.addressDTO.name,NotNull.name,NotNull.java.lang.String,NotNull]; arguments [org.springframework.context.support.DefaultMessageSourceResolvable: codes [addressDTO.name,name]; arguments []; default message [name]]; default message [Name is required]] 
2025-05-02 16:25:35 WARN  o.s.w.s.m.m.a.ExceptionHandlerExceptionResolver - Resolved [org.springframework.web.bind.MethodArgumentNotValidException: Validation failed for argument [0] in public org.springframework.http.ResponseEntity<com.bridgelabz.addressbook.AddressDTO> com.bridgelabz.addressbook.AddressController.createAddress(com.bridgelabz.addressbook.AddressDTO) with 2 errors: [Field error in object 'addressDTO' on field 'street': rejected value [test]; codes [Size.addressDTO.street,Size.street,Size.java.lang.String,Size]; arguments [org.springframework.context.support.DefaultMessageSourceResolvable: codes [addressDTO.street,street]; arguments []; default message [street],100,5]; default message [Street must be between 5 and 100 characters]] [Field error in object 'addressDTO' on field 'name': rejected value [null]; codes [NotNull.addressDTO.name,NotNull.name,NotNull.java.lang.String,NotNull]; arguments [org.springframework.context.support.DefaultMessageSourceResolvable: codes [addressDTO.name,name]; arguments []; default message [name]]; default message [Name is required]] ]
